{"id":"ch4-01-01","games":6,"wins":6,"draws":0}
{"id":"ch4-01-01","games":6,"wins":6,"draws":0}
{"id":"ch4-01-01","games":6,"wins":0,"draws":0}
{"id":"ch4-01-02","games":6,"wins":6,"draws":0}
{"id":"ch4-01-02","games":6,"wins":0,"draws":0}
{"id":"ch4-01-02","games":6,"wins":6,"draws":0}
{"id":"ch4-01-03","games":6,"wins":6,"draws":0}
{"id":"ch4-01-03","games":6,"wins":0,"draws":0}
{"id":"ch4-01-03","games":6,"wins":6,"draws":0}
{"id":"ch4-01-04","games":6,"wins":6,"draws":0}
{"id":"ch4-01-04","games":6,"wins":0,"draws":0}
{"id":"ch4-01-04","games":6,"wins":6,"draws":0}
{"id":"ch4-01-05","games":6,"wins":6,"draws":0}
{"complete":"artifacts/ai-vehicles/chapter-4/results/ch4-01-cross-04.json","rates":[["ch4-01-01",1],["ch4-01-02",1],["ch4-01-03",1],["ch4-01-04",1],["ch4-01-05",1]]}
{"id":"ch4-01-05","games":6,"wins":6,"draws":0}
{"complete":"artifacts/ai-vehicles/chapter-4/results/ch4-01-cross-02.json","rates":[["ch4-01-01",1],["ch4-01-02",1],["ch4-01-03",1],["ch4-01-04",1],["ch4-01-05",1]]}
{"id":"ch4-01-05","games":6,"wins":2,"draws":0}
{"complete":"artifacts/ai-vehicles/chapter-4/results/ch4-01-cross-03.json","rates":[["ch4-01-01",0],["ch4-01-02",0],["ch4-01-03",0],["ch4-01-04",0],["ch4-01-05",0.3333333333333333]]}
{"id":"ch4-01-01","games":6,"wins":3,"draws":0}
{"id":"ch4-02-01","games":6,"wins":0,"draws":0}
{"id":"ch4-02-02","games":6,"wins":1,"draws":0}
{"id":"ch4-02-01","games":6,"wins":0,"draws":0}
{"id":"ch4-02-03","games":6,"wins":2,"draws":1}
{"id":"ch4-01-02","games":6,"wins":3,"draws":0}
{"id":"ch4-01-03","games":6,"wins":4,"draws":0}
{"id":"ch4-02-04","games":6,"wins":0,"draws":0}
{"id":"ch4-01-04","games":6,"wins":0,"draws":0}
{"id":"ch4-02-02","games":6,"wins":0,"draws":0}
{"id":"ch4-02-05","games":6,"wins":0,"draws":0}
{"id":"ch4-01-05","games":6,"wins":6,"draws":0}
{"complete":"artifacts/ai-vehicles/chapter-4/results/ch4-01-cross-05.json","rates":[["ch4-01-01",0.5],["ch4-01-02",0.5],["ch4-01-03",0.6666666666666666],["ch4-01-04",0],["ch4-01-05",1]]}
{"complete":"artifacts/ai-vehicles/chapter-4/results/ch4-02-cross-03.json","rates":[["ch4-02-01",0],["ch4-02-02",0.16666666666666666],["ch4-02-03",0.4166666666666667],["ch4-02-04",0],["ch4-02-05",0]]}
{"id":"ch4-02-03","games":6,"wins":1,"draws":1}
{"id":"ch4-02-01","games":6,"wins":0,"draws":0}
{"id":"ch4-02-01","games":6,"wins":0,"draws":0}
{"id":"ch4-02-02","games":6,"wins":0,"draws":0}
{"id":"ch4-02-03","games":6,"wins":5,"draws":1}
{"id":"ch4-02-02","games":6,"wins":0,"draws":0}
{"id":"ch4-02-04","games":6,"wins":0,"draws":0}
{"id":"ch4-02-04","games":6,"wins":0,"draws":0}
{"id":"ch4-02-03","games":6,"wins":0,"draws":0}
{"id":"ch4-02-05","games":6,"wins":2,"draws":1}
{"complete":"artifacts/ai-vehicles/chapter-4/results/ch4-02-cross-04.json","rates":[["ch4-02-01",0],["ch4-02-02",0],["ch4-02-03",0.9166666666666666],["ch4-02-04",0],["ch4-02-05",0.4166666666666667]]}
{"id":"ch4-02-05","games":6,"wins":0,"draws":0}
{"complete":"artifacts/ai-vehicles/chapter-4/results/ch4-02-cross-02.json","rates":[["ch4-02-01",0],["ch4-02-02",0],["ch4-02-03",0.25],["ch4-02-04",0],["ch4-02-05",0]]}
{"id":"ch4-02-04","games":6,"wins":0,"draws":0}
{"id":"ch4-03-01","games":6,"wins":0,"draws":0}
{"id":"ch4-02-05","games":6,"wins":0,"draws":0}
{"complete":"artifacts/ai-vehicles/chapter-4/results/ch4-02-cross-05.json","rates":[["ch4-02-01",0],["ch4-02-02",0],["ch4-02-03",0],["ch4-02-04",0],["ch4-02-05",0]]}
{"id":"ch4-03-01","games":6,"wins":0,"draws":0}
{"id":"ch4-03-01","games":6,"wins":0,"draws":0}
{"id":"ch4-03-02","games":6,"wins":0,"draws":0}
{"id":"ch4-03-02","games":6,"wins":0,"draws":0}
{"id":"ch4-03-02","games":6,"wins":0,"draws":0}
{"id":"ch4-03-03","games":6,"wins":1,"draws":0}
{"id":"ch4-03-04","games":6,"wins":0,"draws":0}
{"id":"ch4-03-03","games":6,"wins":1,"draws":0}
{"id":"ch4-03-05","games":6,"wins":0,"draws":0}
{"complete":"artifacts/ai-vehicles/chapter-4/results/ch4-03-cross-03.json","rates":[["ch4-03-01",0],["ch4-03-02",0],["ch4-03-03",0.16666666666666666],["ch4-03-04",0],["ch4-03-05",0]]}
{"id":"ch4-03-03","games":6,"wins":0,"draws":0}
{"id":"ch4-03-04","games":6,"wins":0,"draws":0}
{"id":"ch4-03-04","games":6,"wins":0,"draws":0}
{"id":"ch4-03-01","games":6,"wins":0,"draws":0}
{"id":"ch4-03-05","games":6,"wins":0,"draws":0}
{"complete":"artifacts/ai-vehicles/chapter-4/results/ch4-03-cross-01.json","rates":[["ch4-03-01",0],["ch4-03-02",0],["ch4-03-03",0.16666666666666666],["ch4-03-04",0],["ch4-03-05",0]]}
{"id":"ch4-04-01","games":6,"wins":0,"draws":0}
{"id":"ch4-03-02","games":6,"wins":0,"draws":0}
{"id":"ch4-04-02","games":6,"wins":0,"draws":0}
{"id":"ch4-03-05","games":6,"wins":0,"draws":0}
{"complete":"artifacts/ai-vehicles/chapter-4/results/ch4-03-cross-02.json","rates":[["ch4-03-01",0],["ch4-03-02",0],["ch4-03-03",0],["ch4-03-04",0],["ch4-03-05",0]]}
{"id":"ch4-04-01","games":6,"wins":0,"draws":0}
{"id":"ch4-04-03","games":6,"wins":0,"draws":0}
{"id":"ch4-04-02","games":6,"wins":0,"draws":0}
{"id":"ch4-04-04","games":6,"wins":0,"draws":0}
{"id":"ch4-04-05","games":6,"wins":0,"draws":0}
{"complete":"artifacts/ai-vehicles/chapter-4/results/ch4-04-cross-01.json","rates":[["ch4-04-01",0],["ch4-04-02",0],["ch4-04-03",0],["ch4-04-04",0],["ch4-04-05",0]]}
{"id":"ch4-04-03","games":6,"wins":0,"draws":0}
{"id":"ch4-04-01","games":6,"wins":0,"draws":0}
{"id":"ch4-04-02","games":6,"wins":0,"draws":0}
{"id":"ch4-04-04","games":6,"wins":0,"draws":0}
{"id":"ch4-04-05","games":6,"wins":0,"draws":0}
{"complete":"artifacts/ai-vehicles/chapter-4/results/ch4-04-cross-02.json","rates":[["ch4-04-01",0],["ch4-04-02",0],["ch4-04-03",0],["ch4-04-04",0],["ch4-04-05",0]]}
{"id":"ch4-04-01","games":6,"wins":0,"draws":0}
{"id":"ch4-04-03","games":6,"wins":0,"draws":0}
{"id":"ch4-04-02","games":6,"wins":0,"draws":0}
{"id":"ch4-04-04","games":6,"wins":0,"draws":0}
{"id":"ch4-04-05","games":6,"wins":0,"draws":0}
{"complete":"artifacts/ai-vehicles/chapter-4/results/ch4-04-cross-04.json","rates":[["ch4-04-01",0],["ch4-04-02",0],["ch4-04-03",0],["ch4-04-04",0],["ch4-04-05",0]]}
{"id":"ch4-04-03","games":6,"wins":0,"draws":0}
{"id":"ch4-05-01","games":6,"wins":6,"draws":0}
{"id":"ch4-04-04","games":6,"wins":0,"draws":0}
{"id":"ch4-05-02","games":6,"wins":6,"draws":0}
{"id":"ch4-04-05","games":6,"wins":0,"draws":0}
{"complete":"artifacts/ai-vehicles/chapter-4/results/ch4-04-cross-05.json","rates":[["ch4-04-01",0],["ch4-04-02",0],["ch4-04-03",0],["ch4-04-04",0],["ch4-04-05",0]]}
{"id":"ch4-05-03","games":6,"wins":6,"draws":0}
{"id":"ch4-05-01","games":6,"wins":6,"draws":0}
{"id":"ch4-05-04","games":6,"wins":6,"draws":0}
{"id":"ch4-05-02","games":6,"wins":6,"draws":0}
{"id":"ch4-05-05","games":6,"wins":6,"draws":0}
{"complete":"artifacts/ai-vehicles/chapter-4/results/ch4-05-cross-01.json","rates":[["ch4-05-01",1],["ch4-05-02",1],["ch4-05-03",1],["ch4-05-04",1],["ch4-05-05",1]]}
{"id":"ch4-03-03","games":6,"wins":0,"draws":0}
{"id":"ch4-05-03","games":6,"wins":6,"draws":0}
{"id":"ch4-05-01","games":6,"wins":6,"draws":0}
{"id":"ch4-05-02","games":6,"wins":6,"draws":0}
{"id":"ch4-05-03","games":6,"wins":6,"draws":0}
{"id":"ch4-05-04","games":6,"wins":6,"draws":0}
{"id":"ch4-05-04","games":6,"wins":6,"draws":0}
{"id":"ch4-05-05","games":6,"wins":6,"draws":0}
{"complete":"artifacts/ai-vehicles/chapter-4/results/ch4-05-cross-03.json","rates":[["ch4-05-01",1],["ch4-05-02",1],["ch4-05-03",1],["ch4-05-04",1],["ch4-05-05",1]]}
{"id":"ch4-05-05","games":6,"wins":6,"draws":0}
{"complete":"artifacts/ai-vehicles/chapter-4/results/ch4-05-cross-04.json","rates":[["ch4-05-01",1],["ch4-05-02",1],["ch4-05-03",1],["ch4-05-04",1],["ch4-05-05",1]]}
{"id":"ch4-05-01","games":6,"wins":6,"draws":0}
{"id":"ch4-05-02","games":6,"wins":6,"draws":0}
{"id":"ch4-05-03","games":6,"wins":6,"draws":0}
{"id":"ch4-05-04","games":6,"wins":6,"draws":0}
{"id":"ch4-06-01","games":6,"wins":6,"draws":0}
{"id":"ch4-05-05","games":6,"wins":6,"draws":0}
{"complete":"artifacts/ai-vehicles/chapter-4/results/ch4-05-cross-05.json","rates":[["ch4-05-01",1],["ch4-05-02",1],["ch4-05-03",1],["ch4-05-04",1],["ch4-05-05",1]]}
{"id":"ch4-03-04","games":6,"wins":0,"draws":0}
{"id":"ch4-06-01","games":6,"wins":6,"draws":0}
{"id":"ch4-06-02","games":6,"wins":5,"draws":0}
{"id":"ch4-06-03","games":6,"wins":6,"draws":0}
{"id":"ch4-06-02","games":6,"wins":6,"draws":0}
{"id":"ch4-06-04","games":6,"wins":4,"draws":0}
{"id":"ch4-03-05","games":6,"wins":0,"draws":0}
{"complete":"artifacts/ai-vehicles/chapter-4/results/ch4-03-cross-04.json","rates":[["ch4-03-01",0],["ch4-03-02",0],["ch4-03-03",0],["ch4-03-04",0],["ch4-03-05",0]]}
{"id":"ch4-06-03","games":6,"wins":6,"draws":0}
{"id":"ch4-06-01","games":6,"wins":6,"draws":0}
{"id":"ch4-06-05","games":6,"wins":6,"draws":0}
{"complete":"artifacts/ai-vehicles/chapter-4/results/ch4-06-cross-01.json","rates":[["ch4-06-01",1],["ch4-06-02",0.8333333333333334],["ch4-06-03",1],["ch4-06-04",0.6666666666666666],["ch4-06-05",1]]}
{"id":"ch4-06-01","games":6,"wins":6,"draws":0}
{"id":"ch4-06-04","games":6,"wins":4,"draws":0}
{"id":"ch4-06-02","games":6,"wins":6,"draws":0}
{"id":"ch4-06-03","games":6,"wins":6,"draws":0}
{"id":"ch4-06-05","games":6,"wins":6,"draws":0}
{"complete":"artifacts/ai-vehicles/chapter-4/results/ch4-06-cross-02.json","rates":[["ch4-06-01",1],["ch4-06-02",1],["ch4-06-03",1],["ch4-06-04",0.6666666666666666],["ch4-06-05",1]]}
{"id":"ch4-06-02","games":6,"wins":6,"draws":0}
{"id":"ch5-01-01","games":6,"wins":0,"draws":0}
{"id":"ch4-06-03","games":6,"wins":6,"draws":0}
{"id":"ch4-06-04","games":6,"wins":6,"draws":0}
{"id":"ch5-01-02","games":6,"wins":0,"draws":0}
{"id":"ch5-01-03","games":6,"wins":0,"draws":0}
{"id":"ch5-01-04","games":6,"wins":0,"draws":0}
{"id":"ch4-06-04","games":6,"wins":5,"draws":0}
{"id":"ch5-01-05","games":6,"wins":0,"draws":0}
{"complete":"artifacts/ai-vehicles/chapter-5/results/ch5-01-cross-01.json","rates":[["ch5-01-01",0],["ch5-01-02",0],["ch5-01-03",0],["ch5-01-04",0],["ch5-01-05",0]]}
{"id":"ch4-06-05","games":6,"wins":6,"draws":0}
{"complete":"artifacts/ai-vehicles/chapter-4/results/ch4-06-cross-04.json","rates":[["ch4-06-01",1],["ch4-06-02",1],["ch4-06-03",1],["ch4-06-04",1],["ch4-06-05",1]]}
{"id":"ch5-01-01","games":6,"wins":0,"draws":0}
{"id":"ch5-01-01","games":6,"wins":0,"draws":0}
{"id":"ch4-06-05","games":6,"wins":6,"draws":0}
{"complete":"artifacts/ai-vehicles/chapter-4/results/ch4-06-cross-05.json","rates":[["ch4-06-01",1],["ch4-06-02",1],["ch4-06-03",1],["ch4-06-04",0.8333333333333334],["ch4-06-05",1]]}
{"id":"ch5-01-02","games":6,"wins":0,"draws":0}
{"id":"ch5-01-01","games":6,"wins":0,"draws":0}
{"id":"ch5-01-02","games":6,"wins":0,"draws":0}
{"id":"ch5-01-03","games":6,"wins":0,"draws":0}
{"id":"ch5-01-02","games":6,"wins":0,"draws":0}
{"id":"ch5-01-04","games":6,"wins":0,"draws":0}
{"id":"ch5-01-03","games":6,"wins":0,"draws":0}
{"id":"ch5-01-05","games":6,"wins":0,"draws":0}
{"complete":"artifacts/ai-vehicles/chapter-5/results/ch5-01-cross-04.json","rates":[["ch5-01-01",0],["ch5-01-02",0],["ch5-01-03",0],["ch5-01-04",0],["ch5-01-05",0]]}
{"id":"ch5-01-03","games":6,"wins":0,"draws":0}
{"id":"ch5-01-04","games":6,"wins":0,"draws":0}
{"id":"ch5-02-01","games":6,"wins":5,"draws":0}
{"id":"ch5-01-04","games":6,"wins":0,"draws":0}
{"id":"ch5-01-05","games":6,"wins":0,"draws":0}
{"complete":"artifacts/ai-vehicles/chapter-5/results/ch5-01-cross-02.json","rates":[["ch5-01-01",0],["ch5-01-02",0],["ch5-01-03",0],["ch5-01-04",0],["ch5-01-05",0]]}
{"id":"ch5-01-05","games":6,"wins":0,"draws":0}
{"complete":"artifacts/ai-vehicles/chapter-5/results/ch5-01-cross-05.json","rates":[["ch5-01-01",0],["ch5-01-02",0],["ch5-01-03",0],["ch5-01-04",0],["ch5-01-05",0]]}
{"id":"ch5-02-02","games":6,"wins":4,"draws":1}
{"id":"ch5-02-01","games":6,"wins":0,"draws":0}
{"id":"ch5-02-03","games":6,"wins":4,"draws":0}
{"id":"ch5-02-01","games":6,"wins":2,"draws":0}
{"id":"ch5-02-04","games":6,"wins":6,"draws":0}
{"id":"ch5-02-02","games":6,"wins":0,"draws":0}
{"id":"ch5-02-02","games":6,"wins":1,"draws":0}
{"id":"ch5-02-05","games":6,"wins":1,"draws":1}
{"complete":"artifacts/ai-vehicles/chapter-5/results/ch5-02-cross-01.json","rates":[["ch5-02-01",0.8333333333333334],["ch5-02-02",0.75],["ch5-02-03",0.6666666666666666],["ch5-02-04",1],["ch5-02-05",0.25]]}
{"id":"ch5-02-03","games":6,"wins":0,"draws":0}
{"id":"ch5-02-03","games":6,"wins":0,"draws":0}
{"id":"ch5-02-01","games":6,"wins":4,"draws":0}
{"id":"ch5-02-04","games":6,"wins":6,"draws":0}
{"id":"ch5-02-04","games":6,"wins":5,"draws":0}
{"id":"ch5-02-02","games":6,"wins":3,"draws":0}
{"id":"ch5-02-05","games":6,"wins":0,"draws":0}
{"complete":"artifacts/ai-vehicles/chapter-5/results/ch5-02-cross-02.json","rates":[["ch5-02-01",0],["ch5-02-02",0],["ch5-02-03",0],["ch5-02-04",1],["ch5-02-05",0]]}
{"id":"ch5-02-05","games":6,"wins":0,"draws":0}
{"complete":"artifacts/ai-vehicles/chapter-5/results/ch5-02-cross-04.json","rates":[["ch5-02-01",0.3333333333333333],["ch5-02-02",0.16666666666666666],["ch5-02-03",0],["ch5-02-04",0.8333333333333334],["ch5-02-05",0]]}
{"id":"ch5-03-01","games":6,"wins":6,"draws":0}
{"id":"ch5-02-03","games":6,"wins":1,"draws":0}
{"id":"ch5-03-02","games":6,"wins":6,"draws":0}
{"id":"ch5-03-01","games":6,"wins":5,"draws":0}
{"id":"ch5-02-04","games":6,"wins":6,"draws":0}
{"id":"ch5-03-03","games":6,"wins":6,"draws":0}
{"id":"ch5-03-02","games":6,"wins":6,"draws":0}
{"id":"ch5-02-05","games":6,"wins":1,"draws":0}
{"complete":"artifacts/ai-vehicles/chapter-5/results/ch5-02-cross-05.json","rates":[["ch5-02-01",0.6666666666666666],["ch5-02-02",0.5],["ch5-02-03",0.16666666666666666],["ch5-02-04",1],["ch5-02-05",0.16666666666666666]]}
{"id":"ch5-03-03","games":6,"wins":6,"draws":0}
{"id":"ch5-03-04","games":6,"wins":2,"draws":0}
{"id":"ch5-03-01","games":6,"wins":5,"draws":0}
{"id":"ch5-03-05","games":6,"wins":5,"draws":0}
{"complete":"artifacts/ai-vehicles/chapter-5/results/ch5-03-cross-01.json","rates":[["ch5-03-01",1],["ch5-03-02",1],["ch5-03-03",1],["ch5-03-04",0.3333333333333333],["ch5-03-05",0.8333333333333334]]}
{"id":"ch5-03-04","games":6,"wins":0,"draws":0}
{"id":"ch5-03-02","games":6,"wins":6,"draws":0}
{"id":"ch5-03-01","games":6,"wins":6,"draws":0}
{"id":"ch5-03-03","games":6,"wins":5,"draws":0}
{"id":"ch5-03-05","games":6,"wins":5,"draws":0}
{"complete":"artifacts/ai-vehicles/chapter-5/results/ch5-03-cross-02.json","rates":[["ch5-03-01",0.8333333333333334],["ch5-03-02",1],["ch5-03-03",1],["ch5-03-04",0],["ch5-03-05",0.8333333333333334]]}
{"id":"ch5-04-01","games":6,"wins":6,"draws":0}
{"id":"ch5-03-02","games":6,"wins":6,"draws":0}
{"id":"ch5-04-02","games":6,"wins":6,"draws":0}
{"id":"ch5-04-03","games":6,"wins":6,"draws":0}
{"id":"ch5-04-04","games":6,"wins":6,"draws":0}
{"id":"ch5-03-04","games":6,"wins":0,"draws":0}
{"id":"ch5-03-03","games":6,"wins":6,"draws":0}
{"id":"ch5-04-05","games":6,"wins":6,"draws":0}
{"complete":"artifacts/ai-vehicles/chapter-5/results/ch5-04-cross-01.json","rates":[["ch5-04-01",1],["ch5-04-02",1],["ch5-04-03",1],["ch5-04-04",1],["ch5-04-05",1]]}
{"id":"ch5-04-01","games":6,"wins":6,"draws":0}
{"id":"ch5-03-05","games":6,"wins":6,"draws":0}
{"complete":"artifacts/ai-vehicles/chapter-5/results/ch5-03-cross-03.json","rates":[["ch5-03-01",0.8333333333333334],["ch5-03-02",1],["ch5-03-03",0.8333333333333334],["ch5-03-04",0],["ch5-03-05",1]]}
{"id":"ch5-04-02","games":6,"wins":6,"draws":0}
{"id":"ch5-04-01","games":6,"wins":6,"draws":0}
{"id":"ch5-03-04","games":6,"wins":6,"draws":0}
{"id":"ch5-04-03","games":6,"wins":6,"draws":0}
{"id":"ch5-04-04","games":6,"wins":6,"draws":0}
{"id":"ch5-04-02","games":6,"wins":6,"draws":0}
{"id":"ch5-04-03","games":6,"wins":6,"draws":0}
{"id":"ch5-04-05","games":6,"wins":6,"draws":0}
{"complete":"artifacts/ai-vehicles/chapter-5/results/ch5-04-cross-03.json","rates":[["ch5-04-01",1],["ch5-04-02",1],["ch5-04-03",1],["ch5-04-04",1],["ch5-04-05",1]]}
{"id":"ch5-03-05","games":6,"wins":6,"draws":0}
{"complete":"artifacts/ai-vehicles/chapter-5/results/ch5-03-cross-05.json","rates":[["ch5-03-01",1],["ch5-03-02",1],["ch5-03-03",1],["ch5-03-04",1],["ch5-03-05",1]]}
{"id":"ch5-04-04","games":6,"wins":6,"draws":0}
{"id":"ch5-05-01","games":6,"wins":0,"draws":0}
{"id":"ch5-04-01","games":6,"wins":6,"draws":0}
{"id":"ch5-05-02","games":6,"wins":0,"draws":0}
{"id":"ch5-05-03","games":6,"wins":0,"draws":0}
{"id":"ch5-05-04","games":6,"wins":0,"draws":0}
{"id":"ch5-04-05","games":6,"wins":6,"draws":0}
{"complete":"artifacts/ai-vehicles/chapter-5/results/ch5-04-cross-04.json","rates":[["ch5-04-01",1],["ch5-04-02",1],["ch5-04-03",1],["ch5-04-04",1],["ch5-04-05",1]]}
{"id":"ch5-04-02","games":6,"wins":6,"draws":0}
{"id":"ch5-05-01","games":6,"wins":0,"draws":0}
{"id":"ch5-05-05","games":6,"wins":0,"draws":0}
{"complete":"artifacts/ai-vehicles/chapter-5/results/ch5-05-cross-02.json","rates":[["ch5-05-01",0],["ch5-05-02",0],["ch5-05-03",0],["ch5-05-04",0],["ch5-05-05",0]]}
{"id":"ch5-05-02","games":6,"wins":0,"draws":0}
{"id":"ch5-05-01","games":6,"wins":0,"draws":0}
{"id":"ch5-05-03","games":6,"wins":0,"draws":0}
{"id":"ch5-05-02","games":6,"wins":0,"draws":0}
{"id":"ch5-05-04","games":6,"wins":0,"draws":0}
{"id":"ch5-04-03","games":6,"wins":6,"draws":0}
{"id":"ch5-05-03","games":6,"wins":0,"draws":0}
{"id":"ch5-05-05","games":6,"wins":0,"draws":0}
{"complete":"artifacts/ai-vehicles/chapter-5/results/ch5-05-cross-03.json","rates":[["ch5-05-01",0],["ch5-05-02",0],["ch5-05-03",0],["ch5-05-04",0],["ch5-05-05",0]]}
{"id":"ch5-05-04","games":6,"wins":0,"draws":0}
{"id":"ch5-05-05","games":6,"wins":0,"draws":0}
{"complete":"artifacts/ai-vehicles/chapter-5/results/ch5-05-cross-04.json","rates":[["ch5-05-01",0],["ch5-05-02",0],["ch5-05-03",0],["ch5-05-04",0],["ch5-05-05",0]]}
{"id":"ch5-05-01","games":6,"wins":0,"draws":0}
{"id":"ch5-05-02","games":6,"wins":0,"draws":0}
{"id":"ch5-04-04","games":6,"wins":6,"draws":0}
{"id":"ch5-05-03","games":6,"wins":0,"draws":0}
{"id":"ch5-06-01","games":6,"wins":6,"draws":0}
{"id":"ch5-05-04","games":6,"wins":0,"draws":0}
{"id":"ch5-05-05","games":6,"wins":0,"draws":0}
{"complete":"artifacts/ai-vehicles/chapter-5/results/ch5-05-cross-05.json","rates":[["ch5-05-01",0],["ch5-05-02",0],["ch5-05-03",0],["ch5-05-04",0],["ch5-05-05",0]]}
{"id":"ch5-04-05","games":6,"wins":6,"draws":0}
{"complete":"artifacts/ai-vehicles/chapter-5/results/ch5-04-cross-05.json","rates":[["ch5-04-01",1],["ch5-04-02",1],["ch5-04-03",1],["ch5-04-04",1],["ch5-04-05",1]]}
{"id":"ch5-06-02","games":6,"wins":6,"draws":0}
{"id":"ch5-06-03","games":6,"wins":6,"draws":0}
{"id":"ch5-06-01","games":6,"wins":6,"draws":0}
{"id":"ch5-06-01","games":6,"wins":6,"draws":0}
{"id":"ch5-06-02","games":6,"wins":6,"draws":0}
{"id":"ch5-06-04","games":6,"wins":6,"draws":0}
{"id":"ch5-06-03","games":6,"wins":6,"draws":0}
{"id":"ch5-06-05","games":6,"wins":6,"draws":0}
{"complete":"artifacts/ai-vehicles/chapter-5/results/ch5-06-cross-01.json","rates":[["ch5-06-01",1],["ch5-06-02",1],["ch5-06-03",1],["ch5-06-04",1],["ch5-06-05",1]]}
{"id":"ch5-06-02","games":6,"wins":6,"draws":0}
{"id":"ch5-06-03","games":6,"wins":6,"draws":0}
{"id":"ch5-06-04","games":6,"wins":6,"draws":0}
{"id":"ch5-06-01","games":6,"wins":6,"draws":0}
{"id":"ch5-06-05","games":6,"wins":6,"draws":0}
{"complete":"artifacts/ai-vehicles/chapter-5/results/ch5-06-cross-03.json","rates":[["ch5-06-01",1],["ch5-06-02",1],["ch5-06-03",1],["ch5-06-04",1],["ch5-06-05",1]]}
{"id":"ch5-06-04","games":6,"wins":6,"draws":0}
{"id":"ch5-06-05","games":6,"wins":6,"draws":0}
{"complete":"artifacts/ai-vehicles/chapter-5/results/ch5-06-cross-04.json","rates":[["ch5-06-01",1],["ch5-06-02",1],["ch5-06-03",1],["ch5-06-04",1],["ch5-06-05",1]]}
{"id":"ch5-06-02","games":6,"wins":6,"draws":0}
{"id":"ch5-06-03","games":6,"wins":6,"draws":0}
{"id":"ch5-06-04","games":6,"wins":6,"draws":0}
{"id":"ch5-06-05","games":6,"wins":6,"draws":0}
{"complete":"artifacts/ai-vehicles/chapter-5/results/ch5-06-cross-05.json","rates":[["ch5-06-01",1],["ch5-06-02",1],["ch5-06-03",1],["ch5-06-04",1],["ch5-06-05",1]]}
