{"id":"ch4-04-01","games":120,"wins":0,"draws":0}
{"id":"ch4-05-01","games":120,"wins":120,"draws":0}
{"id":"ch4-04-02","games":120,"wins":0,"draws":0}
{"id":"ch4-06-01","games":120,"wins":120,"draws":0}
{"id":"ch4-01-01","games":120,"wins":110,"draws":1}
{"id":"ch4-05-02","games":120,"wins":120,"draws":0}
{"id":"ch4-05-03","games":120,"wins":120,"draws":0}
{"id":"ch4-04-03","games":120,"wins":0,"draws":0}
{"id":"ch4-04-04","games":120,"wins":0,"draws":0}
{"id":"ch4-04-05","games":120,"wins":0,"draws":0}
{"complete":"artifacts/ai-vehicles/chapter-4/results/ch4-04-formal.json","rates":[["ch4-04-01",0],["ch4-04-02",0],["ch4-04-03",0],["ch4-04-04",0],["ch4-04-05",0]]}
{"id":"ch4-05-04","games":120,"wins":120,"draws":0}
{"id":"ch4-05-05","games":120,"wins":120,"draws":0}
{"complete":"artifacts/ai-vehicles/chapter-4/results/ch4-05-formal.json","rates":[["ch4-05-01",1],["ch4-05-02",1],["ch4-05-03",1],["ch4-05-04",1],["ch4-05-05",1]]}
{"id":"ch5-01-01","games":120,"wins":0,"draws":0}
{"id":"ch4-02-01","games":120,"wins":0,"draws":0}
{"id":"ch5-01-02","games":120,"wins":0,"draws":0}
{"id":"ch4-06-02","games":120,"wins":118,"draws":0}
{"id":"ch4-06-03","games":120,"wins":120,"draws":0}
{"id":"ch5-01-03","games":120,"wins":0,"draws":0}
{"id":"ch4-01-02","games":120,"wins":109,"draws":0}
{"id":"ch4-06-04","games":120,"wins":90,"draws":1}
{"id":"ch5-02-01","games":120,"wins":5,"draws":0}
{"id":"ch4-01-03","games":120,"wins":81,"draws":3}
{"id":"ch5-01-04","games":120,"wins":0,"draws":0}
{"id":"ch4-03-01","games":120,"wins":0,"draws":0}
{"id":"ch4-01-04","games":120,"wins":52,"draws":0}
{"id":"ch5-01-05","games":120,"wins":0,"draws":0}
{"complete":"artifacts/ai-vehicles/chapter-5/results/ch5-01-formal.json","rates":[["ch5-01-01",0],["ch5-01-02",0],["ch5-01-03",0],["ch5-01-04",0],["ch5-01-05",0]]}
{"id":"ch4-06-05","games":120,"wins":120,"draws":0}
{"complete":"artifacts/ai-vehicles/chapter-4/results/ch4-06-formal.json","rates":[["ch4-06-01",1],["ch4-06-02",0.9833333333333333],["ch4-06-03",1],["ch4-06-04",0.7541666666666667],["ch4-06-05",1]]}
{"id":"ch4-02-02","games":120,"wins":1,"draws":0}
{"id":"ch5-04-01","games":120,"wins":120,"draws":0}
{"id":"ch5-03-01","games":120,"wins":17,"draws":2}
{"id":"ch4-02-03","games":120,"wins":33,"draws":8}
{"id":"ch4-01-05","games":120,"wins":115,"draws":1}
{"complete":"artifacts/ai-vehicles/chapter-4/results/ch4-01-formal.json","rates":[["ch4-01-01",0.9208333333333333],["ch4-01-02",0.9083333333333333],["ch4-01-03",0.6875],["ch4-01-04",0.43333333333333335],["ch4-01-05",0.9625]]}
{"id":"ch5-02-02","games":120,"wins":2,"draws":1}
{"id":"ch5-05-01","games":120,"wins":0,"draws":0}
{"id":"ch5-05-02","games":120,"wins":0,"draws":0}
{"id":"ch5-05-03","games":120,"wins":0,"draws":0}
{"id":"ch5-04-02","games":120,"wins":120,"draws":0}
{"id":"ch5-05-04","games":120,"wins":0,"draws":0}
{"id":"ch5-05-05","games":120,"wins":0,"draws":0}
{"complete":"artifacts/ai-vehicles/chapter-5/results/ch5-05-formal.json","rates":[["ch5-05-01",0],["ch5-05-02",0],["ch5-05-03",0],["ch5-05-04",0],["ch5-05-05",0]]}
{"id":"ch5-04-03","games":120,"wins":120,"draws":0}
{"id":"ch5-03-02","games":120,"wins":78,"draws":1}
{"id":"ch5-06-01","games":120,"wins":120,"draws":0}
{"id":"ch5-04-04","games":120,"wins":120,"draws":0}
{"id":"ch5-06-02","games":120,"wins":120,"draws":0}
{"id":"ch5-04-05","games":120,"wins":120,"draws":0}
{"complete":"artifacts/ai-vehicles/chapter-5/results/ch5-04-formal.json","rates":[["ch5-04-01",1],["ch5-04-02",1],["ch5-04-03",1],["ch5-04-04",1],["ch5-04-05",1]]}
{"id":"ch5-02-03","games":120,"wins":2,"draws":0}
{"id":"ch5-06-03","games":120,"wins":120,"draws":0}
{"id":"ch4-02-04","games":120,"wins":0,"draws":0}
{"id":"ch5-03-03","games":120,"wins":28,"draws":3}
{"id":"ch4-03-02","games":120,"wins":0,"draws":0}
{"id":"ch5-06-04","games":120,"wins":120,"draws":0}
{"id":"ch5-06-05","games":120,"wins":120,"draws":0}
{"complete":"artifacts/ai-vehicles/chapter-5/results/ch5-06-formal.json","rates":[["ch5-06-01",1],["ch5-06-02",1],["ch5-06-03",1],["ch5-06-04",1],["ch5-06-05",1]]}
{"id":"ch5-03-04","games":120,"wins":0,"draws":0}
{"id":"ch5-02-04","games":120,"wins":95,"draws":2}
{"id":"ch5-03-05","games":120,"wins":24,"draws":0}
{"complete":"artifacts/ai-vehicles/chapter-5/results/ch5-03-formal.json","rates":[["ch5-03-01",0.15],["ch5-03-02",0.6541666666666667],["ch5-03-03",0.24583333333333332],["ch5-03-04",0],["ch5-03-05",0.2]]}
{"id":"ch4-02-05","games":120,"wins":0,"draws":0}
{"complete":"artifacts/ai-vehicles/chapter-4/results/ch4-02-formal.json","rates":[["ch4-02-01",0],["ch4-02-02",0.008333333333333333],["ch4-02-03",0.30833333333333335],["ch4-02-04",0],["ch4-02-05",0]]}
{"id":"ch5-02-05","games":120,"wins":0,"draws":0}
{"complete":"artifacts/ai-vehicles/chapter-5/results/ch5-02-formal.json","rates":[["ch5-02-01",0.041666666666666664],["ch5-02-02",0.020833333333333332],["ch5-02-03",0.016666666666666666],["ch5-02-04",0.8],["ch5-02-05",0]]}
{"id":"ch4-03-03","games":120,"wins":1,"draws":0}
